BALLOON ready: the container keeps 119.9 GiB
SETUP A (RAM tier 0 GiB) 8192w | prefill_tokens 8192 ms 25293.2 tok_s 323.9 chunks 1 chunk_tokens 8192 sub_batch 4096 engram_ms 2182.6 stream_wait_ms 17131.3 vram_experts 419 streamed 14932 (ram 0 cache 0 ssd 14932) engram_rows 393216 unique 2 | decode_ms_per_token 250.2 over 32 steps
SETUP A (RAM tier 0 GiB) 8192 | prefill_tokens 8192 ms 25781.6 tok_s 317.7 chunks 1 chunk_tokens 8192 sub_batch 4096 engram_ms 1903.5 stream_wait_ms 17845.5 vram_experts 419 streamed 14932 (ram 0 cache 0 ssd 14932) engram_rows 393216 unique 2 | decode_ms_per_token 167.6 over 32 steps
SETUP A (RAM tier 0 GiB) 32768 | prefill_tokens 32768 ms 33932.7 tok_s 965.7 chunks 1 chunk_tokens 32768 sub_batch 4096 engram_ms 8889.7 stream_wait_ms 4818.9 vram_experts 111 streamed 15249 (ram 0 cache 0 ssd 15249) engram_rows 1572864 unique | decode_ms_per_token 315.0 over 32 steps
ds41 prefill: 119.5 GiB available, 190.5 GiB of experts read from the pack: unbuffered (O_DIRECT): the file cache could not keep them
SETUP B (RAM tier 96 GiB) 8192w | prefill_tokens 8192 ms 14380.1 tok_s 569.7 chunks 1 chunk_tokens 8192 sub_batch 4096 engram_ms 400.4 stream_wait_ms 12.1 vram_experts 419 streamed 14932 (ram 7738 cache 0 ssd 7194) engram_rows 393216 unique 279 | decode_ms_per_token 102.6 over 32 steps
SETUP B (RAM tier 96 GiB) 8192 | prefill_tokens 8192 ms 14085.3 tok_s 581.6 chunks 1 chunk_tokens 8192 sub_batch 4096 engram_ms 390.9 stream_wait_ms 14.6 vram_experts 419 streamed 14932 (ram 7738 cache 0 ssd 7194) engram_rows 393216 unique 279 | decode_ms_per_token 108.9 over 32 steps
SETUP B (RAM tier 96 GiB) 32768 | prefill_tokens 32768 ms 31779.9 tok_s 1031.1 chunks 1 chunk_tokens 32768 sub_batch 4096 engram_ms 2755.6 stream_wait_ms 25.1 vram_experts 111 streamed 15249 (ram 7738 cache 0 ssd 7511) engram_rows 1572864 uniqu | decode_ms_per_token 144.7 over 32 steps
ds41: RAM tier 7738 experts (96.0 GiB, locked), filled in 35.9 s
ds41 prefill: 24.1 GiB available, 94.6 GiB of experts read from the pack: unbuffered (O_DIRECT): the file cache could not keep them
CMP_DONE
PROF 8192 | prefill_tokens 8192 ms 14611.5 tok_s 560.7 chunks 1 chunk_tokens 8192 sub_batch 4096 engram_ms 1564.5 stream_wait_ms 521
ds41 prefill profile (GPU timeline, 12635 ms): engram 1596 ms (13%); hc mixes + norms 1631 ms (13%); q/kv projections 307 ms (2%); compressor 16 ms (0%); indexer 52 ms (0%); attention 370 ms (3%); o projection 549 ms (4%); routing + sort 153 ms (1%); routed experts 7693 ms (61%); shared expert + hc post 264 ms (2%); head 2 ms (0%);
PROF 32768 | prefill_tokens 32768 ms 32037.9 tok_s 1022.8 chunks 1 chunk_tokens 32768 sub_batch 4096 engram_ms 2895.5 stream_wait_ms 
ds41 prefill profile (GPU timeline, 27889 ms): engram 3146 ms (11%); hc mixes + norms 6511 ms (23%); q/kv projections 1227 ms (4%); compressor 17 ms (0%); indexer 566 ms (2%); attention 1476 ms (5%); o projection 1668 ms (6%); routing + sort 161 ms (1%); routed experts 12046 ms (43%); shared expert + hc post 1066 ms (4%); head 4 ms (0%);
PROF_DONE
132000 tokens from 209 files (1 pass(es) over them) -> /workspace/long132k.ids
LONG 65536 | prefill_tokens 65536 ms 64411.8 tok_s 1017.5 chunks 2 chunk_tokens 32768 sub_batch 4096 engram_ms 5412.0 stream_wait_ms 24.8 vram_experts 292 streamed 30428 (ram 15508 cache 0 ssd 14920) engram_rows 3 | decode_ms_per_token 151.0 over 32 steps
ds41 prefill: pass 32768 tokens, sub-batch 4096; scratch 7.49 GiB in lent slots; ring 128 slots in lent slots; 732 tier slots lent
ds41 prefill profile (GPU timeline, 28925 ms): engram 3018 ms (10%); hc mixes + norms 6537 ms (23%); q/kv projections 1225 ms (4%); compressor 11 ms (0%); indexer 566 ms (2%); attention 1475 ms (5%); o projection 1641 ms (6%); routing + sort 166 ms (1%); routed experts 13220 ms (46%); shared expert + hc post 1063 ms (4%); head 3 ms (0%);
ds41 prefill profile (GPU timeline, 29530 ms): engram 2792 ms (9%); hc mixes + norms 6539 ms (22%); q/kv projections 1225 ms (4%); compressor 11 ms (0%); indexer 1548 ms (5%); attention 1532 ms (5%); o projection 1466 ms (5%); routing + sort 168 ms (1%); routed experts 13182 ms (45%); shared expert + hc post 1064 ms (4%); head 4 ms (0%);
LONG 131072 | prefill_tokens 131072 ms 130349.4 tok_s 1005.5 chunks 4 chunk_tokens 32768 sub_batch 4096 engram_ms 12257.3 stream_wait_ms 75.6 vram_experts 344 streamed 61096 (ram 31008 cache 0 ssd 30088) engram_row | decode_ms_per_token 124.5 over 32 steps
ds41 prefill: pass 32768 tokens, sub-batch 4096; scratch 9.58 GiB in lent slots; ring 64 slots cudaMalloc; 773 tier slots lent
ds41 prefill profile (GPU timeline, 29527 ms): engram 3094 ms (10%); hc mixes + norms 6519 ms (22%); q/kv projections 1228 ms (4%); compressor 11 ms (0%); indexer 566 ms (2%); attention 1477 ms (5%); o projection 1591 ms (5%); routing + sort 148 ms (1%); routed experts 13829 ms (47%); shared expert + hc post 1061 ms (4%); head 3 ms (0%);
ds41 prefill profile (GPU timeline, 30586 ms): engram 3438 ms (11%); hc mixes + norms 6530 ms (21%); q/kv projections 1229 ms (4%); compressor 11 ms (0%); indexer 1549 ms (5%); attention 1537 ms (5%); o projection 1468 ms (5%); routing + sort 165 ms (1%); routed experts 13595 ms (44%); shared expert + hc post 1063 ms (3%); head 3 ms (0%);
ds41 prefill profile (GPU timeline, 31558 ms): engram 3321 ms (11%); hc mixes + norms 6534 ms (21%); q/kv projections 1230 ms (4%); compressor 11 ms (0%); indexer 2544 ms (8%); attention 1571 ms (5%); o projection 1469 ms (5%); routing + sort 168 ms (1%); routed experts 13644 ms (43%); shared expert + hc post 1063 ms (3%); head 3 ms (0%);
ds41 prefill profile (GPU timeline, 32302 ms): engram 3106 ms (10%); hc mixes + norms 6534 ms (20%); q/kv projections 1231 ms (4%); compressor 11 ms (0%); indexer 3550 ms (11%); attention 1584 ms (5%); o projection 1470 ms (5%); routing + sort 162 ms (1%); routed experts 13585 ms (42%); shared expert + hc post 1064 ms (3%); head 4 ms (0%);
LONG_DONE
== dd direct read of experts.bin, 32 GiB
34359738368 bytes (34 GB, 32 GiB) copied, 3.91978 s, 8.8 GB/s
ds41 prefill profile (GPU timeline, 21348 ms): engram 940 ms (4%); hc mixes + norms 3271 ms (15%); q/kv projections 611 ms (3%); compressor 5 ms (0%); indexer 3734 ms (17%); attention 823 ms (4%); o projection 734 ms (3%); routing + sort 66 ms (0%); routed experts 10632 ms (50%); shared expert + hc post 532 ms (2%); head 1 ms (0%);
ds41 prefill profile (GPU timeline, 20275 ms): engram 1082 ms (5%); hc mixes + norms 2834 ms (14%); q/kv projections 533 ms (3%); compressor 5 ms (0%); indexer 3462 ms (17%); attention 729 ms (4%); o projection 639 ms (3%); routing + sort 56 ms (0%); routed experts 10462 ms (52%); shared expert + hc post 470 ms (2%); head 3 ms (0%);
